
> test-app@0.1.0 build
> npx prisma generate && next build

Environment variables loaded from .env
Prisma schema loaded from prisma/schema.prisma

✔ Generated Prisma Client (v5.22.0) to ./node_modules/@prisma/client in 1.44s

Start by importing your Prisma Client (See: https://pris.ly/d/importing-client)

Help us improve the Prisma ORM for everyone. Share your feedback in a short 2-min survey: https://pris.ly/orm/survey/release-5-22

 ⚠ Mismatching @next/swc version, detected: 15.5.7 while Next.js is on 15.5.11. Please ensure these match
   ▲ Next.js 15.5.11
   - Environments: .env

   Creating an optimized production build ...
Failed to compile.

./src/app/dashboard/naming/page.tsx
Module not found: Can't resolve '@/components/ui/input'

https://nextjs.org/docs/messages/module-not-found

./src/app/login/page.tsx
Module not found: Can't resolve '@/components/ui/input'

https://nextjs.org/docs/messages/module-not-found

./src/app/login/page.tsx
Module not found: Can't resolve '@/components/ui/card'

https://nextjs.org/docs/messages/module-not-found

./src/app/register/page.tsx
Module not found: Can't resolve '@/components/ui/input'

https://nextjs.org/docs/messages/module-not-found

./src/app/register/page.tsx
Module not found: Can't resolve '@/components/ui/card'

https://nextjs.org/docs/messages/module-not-found


> Build failed because of webpack errors
